// Jest Snapshot v1, https://goo.gl/fbAQLP

exports[`<FuelSavingsPage /> should match snapshot 1`] = `
<div>
  <h2>
    Payments Widget
  </h2>
  <table>
    <tbody>
      <tr>
        <td>
          <label
            htmlFor="ccNumber"
          >
            CC Number
          </label>
        </td>
        <td>
          <input
            className="cc-number"
            data-cds="ccNumber"
            id="cc-number"
            name="ccNumber"
            onChange={[Function]}
            placeholder={undefined}
            required={true}
            type="text"
            value={undefined}
          />
        </td>
      </tr>
      <tr>
        <td>
          <label
            htmlFor="ccNumber"
          >
            CC Number
          </label>
        </td>
        <td>
          <input
            data-cds="cipher"
            id="cipher"
            placeholder="Cipher"
            readOnly={true}
            type="input"
          />
        </td>
      </tr>
      <tr>
        <td>
          <label
            htmlFor="ccNumber"
          >
            CC Number
          </label>
        </td>
        <td>
          <input
            data-cds="cardType"
            disabled={true}
            id="cardType"
            placeholder="Card Type"
            readOnly={true}
            type="input"
          />
        </td>
      </tr>
      <tr>
        <td>
          <label
            htmlFor="ccNumber"
          >
            CC Number
          </label>
        </td>
        <td>
          <input
            data-cds="responseCode"
            disabled={true}
            id="responseCode"
            readOnly={true}
            style={
              Object {
                "border": "none",
              }
            }
            type="input"
          />
        </td>
      </tr>
    </tbody>
  </table>
  <hr />
  <input
    onClick={[Function]}
    type="submit"
    value="Save"
  />
</div>
`;
